[2026-09-26 19:18:32] - SYSTEM: Toolkit CLI session launched
[2026-09-26 19:18:38] - GCD: a=48, b=18, result=6
[2026-09-26 19:19:50] - SYSTEM: Toolkit CLI session terminated
[2026-09-28 10:33:52] - SYSTEM: Toolkit CLI session launched
[2026-09-28 10:34:09] - GCD: a=12, b=2, result=2
[2026-09-28 10:34:29] - PRIME_FACTORS: n=4, result=[2, 2]
[2026-09-28 10:34:43] - SMALLEST_DIVISOR: n=14, result=2
[2026-09-28 10:36:36] - GENERATE_PRIMES: limit=67, count=19
[2026-09-28 10:36:54] - SQUARE_ROOT: n=45, result=6.71
[2026-09-28 10:37:48] - FIBONACCI_SEQ: terms=5, result=[0, 1, 1, 2, 3]
[2026-09-28 10:42:43] - SYSTEM: Toolkit CLI session launched
[2026-09-28 10:42:53] - FIBONACCI_SEQ: terms=6, result=[0, 1, 1, 2, 3, 5]
[2026-09-28 10:45:47] - SYSTEM: Toolkit CLI session launched
[2026-09-28 10:54:06] - SYSTEM: Toolkit CLI session launched
[2026-09-28 10:54:11] - FIBONACCI_SEQ: terms=3, result=[0, 1, 1]
[2026-09-28 10:54:23] - NTH_FIBONACCI: n=67, result=44945570212853
[2026-09-28 10:54:39] - MODULAR_EXP: base=45, exp=3, mod=5, result=0
[2026-09-28 10:54:57] - PSEUDO_RANDOM: seed=34, count=4, result=[74, 45, 52, 43]
[2026-09-28 10:55:34] - REVERSE_ARRAY: original=[34, 56, 56], result=[56, 56, 34]
[2026-09-28 10:55:48] - REMOVE_DUPLICATES: result=[23, 45, 67, 6, 7]
[2026-09-28 10:56:11] - PARTITION_ARRAY: pivot=3, less=[], equal=[], greater=[12]
[2026-09-28 10:56:48] - KTH_SMALLEST: k=2, result=56
[2026-09-28 10:57:14] - DECIMAL_TO_BASE: n=56, base=3, result=2002
[2026-09-28 11:01:41] - BASE_TO_DECIMAL: s=23, base=4, result=11
[2026-09-28 11:02:54] - CHAR_TO_NUM: char=d, ascii=100
[2026-09-28 11:03:13] - NUM_TO_CHAR: ascii=120, char=x
[2026-09-28 11:03:37] - SYSTEM: Toolkit CLI session terminated
[2026-09-28 11:30:45] - SYSTEM: Toolkit CLI session launched
[2026-09-28 11:30:51] - GCD: a=23, b=3, result=1
[2026-09-28 11:32:00] - SYSTEM: Toolkit CLI session launched
[2026-09-28 18:46:10] - SYSTEM: Toolkit CLI session launched
